// Jest Snapshot v1, https://goo.gl/fbAQLP

exports[`TableContent renders correctly 1`] = `
Array [
  <div
    className="d-table-row"
  >
    <div
      className="d-table-cell day-cell inactive"
    />
    <div
      className="d-table-cell day-cell inactive"
    />
    <div
      className="d-table-cell day-cell inactive"
    />
    <div
      className="d-table-cell day-cell inactive"
    />
    <div
      className="d-table-cell day-cell inactive"
    />
    <div
      className="d-table-cell day-cell active"
    >
      <i
        className="fas fa-check"
      />
    </div>
    <div
      className="d-table-cell day-cell active"
    >
      <i
        className="fas fa-check"
      />
    </div>
    <div
      className="d-table-cell day-cell active"
    >
      <i
        className="fas fa-check"
      />
    </div>
    <div
      className="d-table-cell day-cell active"
    >
      <i
        className="fas fa-check"
      />
    </div>
    <div
      className="d-table-cell day-cell active"
    >
      <i
        className="fas fa-check"
      />
    </div>
    <div
      className="d-table-cell day-cell active"
    >
      <i
        className="fas fa-check"
      />
    </div>
    <div
      className="d-table-cell day-cell active"
    >
      <i
        className="fas fa-check"
      />
    </div>
    <div
      className="d-table-cell day-cell active"
    >
      <i
        className="fas fa-check"
      />
    </div>
    <div
      className="d-table-cell day-cell active"
    >
      <i
        className="fas fa-check"
      />
    </div>
    <div
      className="d-table-cell day-cell active"
    >
      <i
        className="fas fa-check"
      />
    </div>
    <div
      className="d-table-cell day-cell active"
    >
      <i
        className="fas fa-check"
      />
    </div>
    <div
      className="d-table-cell day-cell active"
    >
      <i
        className="fas fa-check"
      />
    </div>
    <div
      className="d-table-cell day-cell active"
    >
      <i
        className="fas fa-check"
      />
    </div>
    <div
      className="d-table-cell day-cell active"
    >
      <i
        className="fas fa-check"
      />
    </div>
    <div
      className="d-table-cell day-cell active"
    >
      <i
        className="fas fa-check"
      />
    </div>
    <div
      className="d-table-cell day-cell active"
    >
      <i
        className="fas fa-check"
      />
    </div>
    <div
      className="d-table-cell day-cell active"
    >
      <i
        className="fas fa-check"
      />
    </div>
    <div
      className="d-table-cell day-cell active"
    >
      <i
        className="fas fa-check"
      />
    </div>
    <div
      className="d-table-cell day-cell active"
    >
      <i
        className="fas fa-check"
      />
    </div>
    <div
      className="d-table-cell day-cell active"
    >
      <i
        className="fas fa-check"
      />
    </div>
    <div
      className="d-table-cell day-cell active"
    >
      <i
        className="fas fa-check"
      />
    </div>
    <div
      className="d-table-cell day-cell active"
    >
      <i
        className="fas fa-check"
      />
    </div>
    <div
      className="d-table-cell day-cell active"
    >
      <i
        className="fas fa-check"
      />
    </div>
    <div
      className="d-table-cell day-cell active"
    >
      <i
        className="fas fa-check"
      />
    </div>
    <div
      className="d-table-cell day-cell active"
    >
      <i
        className="fas fa-check"
      />
    </div>
    <div
      className="d-table-cell day-cell active"
    >
      <i
        className="fas fa-check"
      />
    </div>
  </div>,
  <div
    className="d-table-row"
  >
    <div
      className="d-table-cell day-cell inactive"
    />
    <div
      className="d-table-cell day-cell inactive"
    />
    <div
      className="d-table-cell day-cell inactive"
    />
    <div
      className="d-table-cell day-cell inactive"
    />
    <div
      className="d-table-cell day-cell inactive"
    />
    <div
      className="d-table-cell day-cell active"
    >
      <i
        className="fas fa-check"
      />
    </div>
    <div
      className="d-table-cell day-cell active"
    >
      <i
        className="fas fa-check"
      />
    </div>
    <div
      className="d-table-cell day-cell active"
    >
      <i
        className="fas fa-check"
      />
    </div>
    <div
      className="d-table-cell day-cell active"
    >
      <i
        className="fas fa-check"
      />
    </div>
    <div
      className="d-table-cell day-cell active"
    >
      <i
        className="fas fa-check"
      />
    </div>
    <div
      className="d-table-cell day-cell active"
    >
      <i
        className="fas fa-check"
      />
    </div>
    <div
      className="d-table-cell day-cell active"
    >
      <i
        className="fas fa-check"
      />
    </div>
    <div
      className="d-table-cell day-cell active"
    >
      <i
        className="fas fa-check"
      />
    </div>
    <div
      className="d-table-cell day-cell active"
    >
      <i
        className="fas fa-check"
      />
    </div>
    <div
      className="d-table-cell day-cell active"
    >
      <i
        className="fas fa-check"
      />
    </div>
    <div
      className="d-table-cell day-cell active"
    >
      <i
        className="fas fa-check"
      />
    </div>
    <div
      className="d-table-cell day-cell active"
    >
      <i
        className="fas fa-check"
      />
    </div>
    <div
      className="d-table-cell day-cell active"
    >
      <i
        className="fas fa-check"
      />
    </div>
    <div
      className="d-table-cell day-cell active"
    >
      <i
        className="fas fa-check"
      />
    </div>
    <div
      className="d-table-cell day-cell active"
    >
      <i
        className="fas fa-check"
      />
    </div>
    <div
      className="d-table-cell day-cell active"
    >
      <i
        className="fas fa-check"
      />
    </div>
    <div
      className="d-table-cell day-cell active"
    >
      <i
        className="fas fa-check"
      />
    </div>
    <div
      className="d-table-cell day-cell active"
    >
      <i
        className="fas fa-check"
      />
    </div>
    <div
      className="d-table-cell day-cell active"
    >
      <i
        className="fas fa-check"
      />
    </div>
    <div
      className="d-table-cell day-cell active"
    >
      <i
        className="fas fa-check"
      />
    </div>
    <div
      className="d-table-cell day-cell active"
    >
      <i
        className="fas fa-check"
      />
    </div>
    <div
      className="d-table-cell day-cell active"
    >
      <i
        className="fas fa-check"
      />
    </div>
    <div
      className="d-table-cell day-cell active"
    >
      <i
        className="fas fa-check"
      />
    </div>
    <div
      className="d-table-cell day-cell active"
    >
      <i
        className="fas fa-check"
      />
    </div>
    <div
      className="d-table-cell day-cell active"
    >
      <i
        className="fas fa-check"
      />
    </div>
    <div
      className="d-table-cell day-cell active"
    >
      <i
        className="fas fa-check"
      />
    </div>
  </div>,
]
`;
