// Jest Snapshot v1, https://goo.gl/fbAQLP

exports[`SearchPage renders correctly 1`] = `
<div
  className="search-main"
>
  <div
    className="hero"
  >
    <div
      className="container"
    >
      <div
        className="hero-content narrow w-100"
      >
        <div
          className="row"
        >
          <div
            className="col-xl-1"
          />
          <div
            className="col"
          >
            <ConnectorWrapper
              defaultRefinement={null}
            />
          </div>
          <div
            className="col-xl-1"
          />
        </div>
      </div>
    </div>
  </div>
  <div
    className="position-relative"
  >
    <SearchViewSwitch
      activeView="tiles"
      onChange={[Function]}
    />
    <_default />
  </div>
</div>
`;
